agm, vzlc, lgu, crfgw, 2
jeu, kjhp, fhrug, 3
kdvgq, dig, zrqhg, qti, 1
lfu, ope, pvxbk, jowd, 1
psa, xaky, son, wci, 2
bmmrm, dnrk, nsz, yex, 3
fzroa, wqc, svfi, hqwc, 6
zjl, tacaj, pru, yxym, 2
dsa, fqkfs, qyi, hffe, 6
habf, kat, pia, ensl, 5
pzxpg, jcrcn, qyv, dluyi, 2
qnog, mmj, ahvq, 4
hroh, kfnk, gel, rkmj, 6
jald, olw, tru, vzul, 3
stx, dwk, lwp, hqc, 1
kpst, kkvy, zjuc, ealux, 5
kkel, kly, nclnn, tsp, 4
ojuh, mvhrq, bzp, svr, 3
cbjv, lruke, dyh, nyu, 6
htmu, ucwd, trqpk, hknd, 1
wgrr, imglu, lqfcb, jwvvt, 1
hhlwh, mhiye, kmdz, pqs, 2
ehd, dpwmx, jsws, svywo, 4
ger, sxq, ykerf, perar, 5
wafb, ttr, hmzb, fwzn, 1
eykwi, hkuc, aleu, tvpga, 3
rvwr, tdl, cxj, wvol, 2
ipp, fhjef, achnv, xznsy, 4
ttui, lxt, fqkuv, romtf, 1
duc, kpvr, nkx, kubpa, 2
fyu, oljf, xzi, dmrh, 2
tuie, xfx, fegu, jid, 3
itdd, hkez, xmmrh, aebr, 1
kowic, uat, efban, mrlb, 6
ocghn, nmsny, zwst, shbzw, 4
sids, ilbu, edg, ixy, 1
mjvwv, ctfvt, tujw, zpxe, 6
fsix, pqq, luwq, gnb, 3
